// Jest Snapshot v1, https://goo.gl/fbAQLP

exports[`render the Home screen correctly 1`] = `
<div>
  <div
    class="homeContainer"
  >
    <div
      class="headerContainer"
    >
      <h1
        class="headerTitle"
      >
        Home
      </h1>
      <h1
        class="headerTitle"
      >
        Favorites
      </h1>
    </div>
    <div
      class="searchContainer"
    >
      <div
        class="searchInputContainer"
      >
        <input
          class="searchInput"
          placeholder="Enter movie name to search......"
          type="text"
          value=""
        />
        <select
          class="searchInputButton"
        >
          <option
            value="ALL"
          >
            ALL
          </option>
          <option
            value="movie"
          >
            Movies
          </option>
          <option
            value="series"
          >
            Series
          </option>
          <option
            value="episode"
          >
            Episodes
          </option>
        </select>
      </div>
      <button
        class="searchButton"
      >
        Search
      </button>
    </div>
    <div
      class="movieListContainer"
    >
      <div
        class="movieContainer"
      >
        <img
          alt="Kuch Tum Kaho Kuch Hum Kahein"
          class="imgContainer"
          src="https://m.media-amazon.com/images/M/MV5BNGVhMjBhYmQtMDFmZC00Mjc2LWIwZTYtMmJiY2ZkNjM4N2FlXkEyXkFqcGdeQXVyNDUzOTQ5MjY@._V1_SX300.jpg"
        />
        <span
          class="movieNameContainer"
        >
          Kuch Tum Kaho Kuch Hum Kahein
        </span>
        <div
          class="movieInfoContainer"
        >
          <span
            class="movieInfo"
          >
            Year
            : 
            2002
          </span>
          <span
            class="movieInfo"
          >
            Type
            : 
            movie
          </span>
        </div>
        <div
          class="movieFavoriteInfo"
          role="button"
        >
          Favorite
        </div>
      </div>
    </div>
  </div>
</div>
`;
